// Jest Snapshot v1, https://goo.gl/fbAQLP

exports[`Login Component renders correctly 1`] = `
<section class="container login-form">
  <div class="card">
    <div class="card-content"><span><form><span label="Username" name="Username"><div class="field" name="Username"><label class="label">Username</label> <div class="control"><input type="text" autocomplete="off" data-test="Username" label="Username" name="Username" class="input"> <!----> <!----> <!----></div> <p class="help"></p></div></span> <span label="Password" type="password" name="Password"><div class="field" name="Password"><label class="label">Password</label> <div class="control"><input type="password" autocomplete="off" data-test="Password" label="Password" name="Password" class="input"> <!----> <!----> <!----></div> <p class="help"></p></div></span>
      <div class="cta">
        <div class="small-action-group"><a href="#" class="forgot-password">Forgot Password?</a> <a href="#" class="sign-up-cta">Sign Up</a></div> <button type="submit" data-test="login-button" class="button login-btn is-primary">
          <!----> <span>
              Login
            </span>
          <!----></button>
      </div>
      </form>
      </span>
    </div>
  </div>
</section>
`;
